SingleCommaAnnotationValueFail.java:11:12: compiler.err.annotation.missing.element.value
SingleCommaAnnotationValueFail.java:11:14: compiler.err.class.method.or.field.expected
2 errors
