T6359949a.java:15:5: compiler.err.static.methods.cannot.be.annotated.with.override: example(), Test
1 error
