             @author: block overview module package type ........... ...... ..... ...... disabled
             {@code}: ..... overview module package type constructor method field inline ........
       @defaultValue: block ........ ...... ....... .... ........... method field ...... ........
         @deprecated: block ........ module ....... type constructor method field ...... ........
          {@docRoot}: ..... overview module package type constructor method field inline ........
          @exception: block ........ ...... ....... .... constructor method ..... ...... ........
            @factory: block ........ ...... ....... .... ........... method ..... ...... ........
             @hidden: block ........ ...... ....... type ........... method field ...... ........
            {@index}: ..... overview module package type constructor method field inline ........
               @info: block overview module package type constructor method field ...... ........
       {@inheritDoc}: ..... ........ ...... ....... .... ........... method ..... inline ........
             {@link}: ..... overview module package type constructor method field inline ........
        {@linkplain}: ..... overview module package type constructor method field inline ........
          {@literal}: ..... overview module package type constructor method field inline ........
              @param: block ........ ...... ....... type constructor method ..... ...... ........
@propertyDescription: block ........ ...... ....... .... ........... method field ...... ........
           @provides: block ........ module ....... .... ........... ...... ..... ...... ........
             @return: block ........ ...... ....... .... ........... method ..... inline ........
                @see: block overview module package type constructor method field ...... ........
             @serial: block ........ ...... package type ........... ...... field ...... ........
         @serialData: block ........ ...... ....... .... ........... ...... ..... ...... ........
        @serialField: block ........ ...... ....... .... ........... ...... field ...... ........
              @since: block overview module package type constructor method field ...... ........
          {@snippet}: ..... overview module package type constructor method field inline ........
               @spec: block overview module package type constructor method field ...... ........
          {@summary}: ..... overview module package type constructor method field inline ........
   {@systemProperty}: ..... overview module package type constructor method field inline ........
             @throws: block ........ ...... ....... .... constructor method ..... ...... ........
     @treatAsPrivate: block ........ ...... ....... type ........... method field ...... ........
               @uses: block ........ module ....... .... ........... ...... ..... ...... ........
            {@value}: ..... overview module package type constructor method field inline ........
            @version: block overview module package type ........... ...... ..... ...... disabled
