CantAnnotateStaticClass2.java:44:14: compiler.err.type.annotation.inadmissible: (compiler.misc.type.annotation.1: @Top.TB), Top.Outer, @Top.TB Top.Outer.SInner
CantAnnotateStaticClass2.java:45:14: compiler.err.type.annotation.inadmissible: (compiler.misc.type.annotation.1: @Top.TB), Top.Outer, @Top.TB Top.Outer.IInner
CantAnnotateStaticClass2.java:52:16: compiler.err.type.annotation.inadmissible: (compiler.misc.type.annotation.1: @Top.TB), Top.Outer, @Top.TB Top.Outer.SInner
CantAnnotateStaticClass2.java:53:16: compiler.err.type.annotation.inadmissible: (compiler.misc.type.annotation.1: @Top.TB), Top.Outer, @Top.TB Top.Outer.IInner
CantAnnotateStaticClass2.java:55:14: compiler.err.type.annotation.inadmissible: (compiler.misc.type.annotation.1: @Top.TA), Top, @Top.TA Top.Outer
CantAnnotateStaticClass2.java:56:23: compiler.err.type.annotation.inadmissible: (compiler.misc.type.annotation.1: @Top.TA), Top.Outer, @Top.TA Top.Outer.Inner
CantAnnotateStaticClass2.java:57:23: compiler.err.type.annotation.inadmissible: (compiler.misc.type.annotation.1: @Top.TA), Top.Outer, @Top.TA Top.Outer.SInner
CantAnnotateStaticClass2.java:58:23: compiler.err.type.annotation.inadmissible: (compiler.misc.type.annotation.1: @Top.TA), Top.Outer, @Top.TA Top.Outer.IInner
CantAnnotateStaticClass2.java:60:21: compiler.err.type.annotation.inadmissible: (compiler.misc.type.annotation.1: @Top.TA), Top.Outer, @Top.TA Top.Outer.Inner
CantAnnotateStaticClass2.java:61:21: compiler.err.type.annotation.inadmissible: (compiler.misc.type.annotation.1: @Top.TA), Top.Outer, @Top.TA Top.Outer.SInner
CantAnnotateStaticClass2.java:62:21: compiler.err.type.annotation.inadmissible: (compiler.misc.type.annotation.1: @Top.TA), Top.Outer, @Top.TA Top.Outer.IInner
CantAnnotateStaticClass2.java:64:25: compiler.err.type.annotation.inadmissible: (compiler.misc.type.annotation.1: @Top.TA), Top.Outer, @Top.TA Top.Outer.Inner
CantAnnotateStaticClass2.java:65:25: compiler.err.type.annotation.inadmissible: (compiler.misc.type.annotation.1: @Top.TA), Top.Outer, @Top.TA Top.Outer.SInner
CantAnnotateStaticClass2.java:66:25: compiler.err.type.annotation.inadmissible: (compiler.misc.type.annotation.1: @Top.TA), Top.Outer, @Top.TA Top.Outer.IInner
CantAnnotateStaticClass2.java:71:14: compiler.err.type.annotation.inadmissible: (compiler.misc.type.annotation.1: @Top.TB), Top.Outer, @Top.TB Top.Outer.SInner
CantAnnotateStaticClass2.java:72:14: compiler.err.type.annotation.inadmissible: (compiler.misc.type.annotation.1: @Top.TB), Top.Outer, @Top.TB Top.Outer.IInner
CantAnnotateStaticClass2.java:79:16: compiler.err.type.annotation.inadmissible: (compiler.misc.type.annotation.1: @Top.TB), Top.Outer, @Top.TB Top.Outer.SInner
CantAnnotateStaticClass2.java:80:16: compiler.err.type.annotation.inadmissible: (compiler.misc.type.annotation.1: @Top.TB), Top.Outer, @Top.TB Top.Outer.IInner
CantAnnotateStaticClass2.java:87:22: compiler.err.type.annotation.inadmissible: (compiler.misc.type.annotation.1: @Top.TB), Top.Outer, @Top.TB Top.Outer.SInner
CantAnnotateStaticClass2.java:89:24: compiler.err.type.annotation.inadmissible: (compiler.misc.type.annotation.1: @Top.TB), Top.Outer, @Top.TB Top.Outer.SInner
CantAnnotateStaticClass2.java:91:22: compiler.err.type.annotation.inadmissible: (compiler.misc.type.annotation.1: @Top.TB), Top.Outer, @Top.TB Top.Outer.IInner
CantAnnotateStaticClass2.java:93:24: compiler.err.type.annotation.inadmissible: (compiler.misc.type.annotation.1: @Top.TB), Top.Outer, @Top.TB Top.Outer.IInner
CantAnnotateStaticClass2.java:57:12: compiler.err.type.annotation.inadmissible: (compiler.misc.type.annotation.1: @Top.TB), Top.Outer, @Top.TB Top.Outer.SInner
CantAnnotateStaticClass2.java:58:12: compiler.err.type.annotation.inadmissible: (compiler.misc.type.annotation.1: @Top.TB), Top.Outer, @Top.TB Top.Outer.IInner
CantAnnotateStaticClass2.java:65:12: compiler.err.type.annotation.inadmissible: (compiler.misc.type.annotation.1: @Top.TB), Top.Outer, @Top.TB Top.Outer.SInner
CantAnnotateStaticClass2.java:66:12: compiler.err.type.annotation.inadmissible: (compiler.misc.type.annotation.1: @Top.TB), Top.Outer, @Top.TB Top.Outer.IInner
CantAnnotateStaticClass2.java:120:14: compiler.err.type.annotation.inadmissible: (compiler.misc.type.annotation.1: @Top.TB), Top.Outer, @Top.TB Top.Outer.SInner
CantAnnotateStaticClass2.java:121:14: compiler.err.type.annotation.inadmissible: (compiler.misc.type.annotation.1: @Top.TB), Top.Outer, @Top.TB Top.Outer.IInner
CantAnnotateStaticClass2.java:128:14: compiler.err.type.annotation.inadmissible: (compiler.misc.type.annotation.1: @Top.TB), Top.Outer, @Top.TB Top.Outer.SInner
CantAnnotateStaticClass2.java:129:14: compiler.err.type.annotation.inadmissible: (compiler.misc.type.annotation.1: @Top.TB), Top.Outer, @Top.TB Top.Outer.IInner
CantAnnotateStaticClass2.java:131:14: compiler.err.type.annotation.inadmissible: (compiler.misc.type.annotation.1: @Top.TA), Top, @Top.TA Top.Outer
CantAnnotateStaticClass2.java:133:14: compiler.err.type.annotation.inadmissible: (compiler.misc.type.annotation.1: @Top.TA), Top.Outer, Top.Outer.@Top.TA Inner
CantAnnotateStaticClass2.java:134:17: compiler.err.type.annotation.inadmissible: (compiler.misc.type.annotation.1: @Top.TB), Top.Outer, @Top.TB Top.Outer.SInner
CantAnnotateStaticClass2.java:135:17: compiler.err.type.annotation.inadmissible: (compiler.misc.type.annotation.1: @Top.TB), Top.Outer, @Top.TB Top.Outer.IInner
CantAnnotateStaticClass2.java:137:14: compiler.err.type.annotation.inadmissible: (compiler.misc.type.annotation.1: @Top.TA), Top.Outer, Top.Outer.@Top.TA Inner
CantAnnotateStaticClass2.java:138:14: compiler.err.type.annotation.inadmissible: (compiler.misc.type.annotation.1: @Top.TA), Top.Outer, @Top.TA Top.Outer.SInner
CantAnnotateStaticClass2.java:139:14: compiler.err.type.annotation.inadmissible: (compiler.misc.type.annotation.1: @Top.TA), Top.Outer, @Top.TA Top.Outer.IInner
CantAnnotateStaticClass2.java:141:14: compiler.err.type.annotation.inadmissible: (compiler.misc.type.annotation.1: @Top.TA), Top.Outer, Top.Outer.@Top.TA Inner
CantAnnotateStaticClass2.java:142:17: compiler.err.type.annotation.inadmissible: (compiler.misc.type.annotation.1: @Top.TB), Top.Outer, @Top.TB Top.Outer.SInner
CantAnnotateStaticClass2.java:143:17: compiler.err.type.annotation.inadmissible: (compiler.misc.type.annotation.1: @Top.TB), Top.Outer, @Top.TB Top.Outer.IInner
CantAnnotateStaticClass2.java:149:14: compiler.err.type.annotation.inadmissible: (compiler.misc.type.annotation.1: @Top.TB), Top.Outer, @Top.TB Top.Outer.SInner
CantAnnotateStaticClass2.java:150:14: compiler.err.type.annotation.inadmissible: (compiler.misc.type.annotation.1: @Top.TB), Top.Outer, @Top.TB Top.Outer.IInner
CantAnnotateStaticClass2.java:157:14: compiler.err.type.annotation.inadmissible: (compiler.misc.type.annotation.1: @Top.TB), Top.Outer, @Top.TB Top.Outer.SInner
CantAnnotateStaticClass2.java:158:14: compiler.err.type.annotation.inadmissible: (compiler.misc.type.annotation.1: @Top.TB), Top.Outer, @Top.TB Top.Outer.IInner
CantAnnotateStaticClass2.java:165:22: compiler.err.type.annotation.inadmissible: (compiler.misc.type.annotation.1: @Top.TB), Top.Outer, @Top.TB Top.Outer.SInner
CantAnnotateStaticClass2.java:167:22: compiler.err.type.annotation.inadmissible: (compiler.misc.type.annotation.1: @Top.TB), Top.Outer, @Top.TB Top.Outer.SInner
CantAnnotateStaticClass2.java:169:22: compiler.err.type.annotation.inadmissible: (compiler.misc.type.annotation.1: @Top.TB), Top.Outer, @Top.TB Top.Outer.IInner
CantAnnotateStaticClass2.java:171:22: compiler.err.type.annotation.inadmissible: (compiler.misc.type.annotation.1: @Top.TB), Top.Outer, @Top.TB Top.Outer.IInner
CantAnnotateStaticClass2.java:105:18: compiler.err.type.annotation.inadmissible: (compiler.misc.type.annotation.1: @Top.TB), Top.Outer, @Top.TB Top.Outer.SInner
CantAnnotateStaticClass2.java:107:18: compiler.err.type.annotation.inadmissible: (compiler.misc.type.annotation.1: @Top.TB), Top.Outer, @Top.TB Top.Outer.SInner
CantAnnotateStaticClass2.java:112:18: compiler.err.type.annotation.inadmissible: (compiler.misc.type.annotation.1: @Top.TB), Top.Outer, @Top.TB Top.Outer.IInner
CantAnnotateStaticClass2.java:114:18: compiler.err.type.annotation.inadmissible: (compiler.misc.type.annotation.1: @Top.TB), Top.Outer, @Top.TB Top.Outer.IInner
CantAnnotateStaticClass2.java:184:35: compiler.err.type.annotation.inadmissible: (compiler.misc.type.annotation.1: @Top.TB), Top.Outer, @Top.TB Top.Outer.SInner
CantAnnotateStaticClass2.java:186:41: compiler.err.type.annotation.inadmissible: (compiler.misc.type.annotation.1: @Top.TB), Top.Outer, @Top.TB Top.Outer.SInner
CantAnnotateStaticClass2.java:187:41: compiler.err.type.annotation.inadmissible: (compiler.misc.type.annotation.1: @Top.TB), Top.Outer, @Top.TB Top.Outer.SInner
CantAnnotateStaticClass2.java:192:35: compiler.err.type.annotation.inadmissible: (compiler.misc.type.annotation.1: @Top.TB), Top.Outer, @Top.TB Top.Outer.IInner
CantAnnotateStaticClass2.java:194:41: compiler.err.type.annotation.inadmissible: (compiler.misc.type.annotation.1: @Top.TB), Top.Outer, @Top.TB Top.Outer.IInner
CantAnnotateStaticClass2.java:195:41: compiler.err.type.annotation.inadmissible: (compiler.misc.type.annotation.1: @Top.TB), Top.Outer, @Top.TB Top.Outer.IInner
CantAnnotateStaticClass2.java:199:35: compiler.err.type.annotation.inadmissible: (compiler.misc.type.annotation.1: @Top.TA), Top, @Top.TA Top.Outer
CantAnnotateStaticClass2.java:200:38: compiler.err.type.annotation.inadmissible: (compiler.misc.type.annotation.1: @Top.TB), Top.Outer, @Top.TB Top.Outer.IInner
CantAnnotateStaticClass2.java:201:41: compiler.err.type.annotation.inadmissible: (compiler.misc.type.annotation.1: @Top.TA), Top.Outer, @Top.TA Top.Outer.IInner
CantAnnotateStaticClass2.java:202:44: compiler.err.type.annotation.inadmissible: (compiler.misc.type.annotation.1: @Top.TB), Top.Outer, @Top.TB Top.Outer.IInner
CantAnnotateStaticClass2.java:203:44: compiler.err.type.annotation.inadmissible: (compiler.misc.type.annotation.1: @Top.TB), Top.Outer, @Top.TB Top.Outer.IInner
CantAnnotateStaticClass2.java:204:49: compiler.err.type.annotation.inadmissible: (compiler.misc.type.annotation: @Top.TA,@Top.TB,@Top.TC), Top.Outer, @Top.TA @Top.TB @Top.TC Top.Outer.IInner
64 errors
