CantAnnotateClassWithTypeVariable.java:18:14: compiler.err.type.annotation.inadmissible: (compiler.misc.type.annotation.1: @CantAnnotateClassWithTypeVariable.TA), CantAnnotateClassWithTypeVariable.A, @CantAnnotateClassWithTypeVariable.TA CantAnnotateClassWithTypeVariable.A.B<T>
1 error
