CantAnnotatePackages.java:16:14: compiler.err.cant.resolve.location: kindname.class, java, , , (compiler.misc.location: kindname.class, CantAnnotatePackages, null)
CantAnnotatePackages.java:17:9: compiler.err.cant.resolve.location: kindname.class, lang, , , (compiler.misc.location: kindname.package, java, null)
CantAnnotatePackages.java:18:14: compiler.err.cant.resolve.location: kindname.class, lang, , , (compiler.misc.location: kindname.package, java, null)
CantAnnotatePackages.java:14:18: compiler.err.type.annotation.inadmissible: (compiler.misc.type.annotation.1: @TA), java.lang, @TA java.lang.Object
4 errors
