- compiler.err.preview.feature.disabled.classfile: Bar.class, 25
1 error
