[attribute A]
[flow A]
[warn A]
[desugar A]
[generate code A]
[attribute A1]
[flow A1]
[warn A1]
[desugar A1]
[generate code A1]
[attribute A2]
[flow A2]
[warn A2]
[desugar A2]
[generate code A2]
[attribute C]
[flow C]
[warn C]
[desugar C]
[generate code C]
[attribute C1]
[flow C1]
C.java:12:17: compiler.err.unreachable.stmt
[attribute C2]
[attribute D]
[attribute D1]
[attribute D2]
1 error
