Neg01.java:21:19: compiler.err.except.never.thrown.in.try: Neg01.B2
1 error
