InheritanceConflict3.java:13:10: compiler.err.name.clash.same.erasure: f(java.lang.Object), f(T)
InheritanceConflict3.java:16:1: compiler.err.concrete.inheritance.conflict: f(java.lang.Object), inheritance.conflict3.X1, f(T), inheritance.conflict3.X1, inheritance.conflict3.X1
2 errors
