- compiler.warn.source.no.system.modules.path: 21, (compiler.misc.source.no.system.modules.path.with.target: 21, 21)
- compiler.err.warnings.and.werror
1 error
1 warning
