- compiler.note.unchecked.filename: RequiresIdentityTest.java
- compiler.note.unchecked.recompile
