ShiftOutOfRange.java:14:18: compiler.warn.bit.shift.out.of.range: int, -1, 31
ShiftOutOfRange.java:15:18: compiler.warn.bit.shift.out.of.range: int, 65535, 31
ShiftOutOfRange.java:16:19: compiler.warn.bit.shift.out.of.range: int, -1, 31
ShiftOutOfRange.java:17:15: compiler.warn.bit.shift.out.of.range: int, -1, 31
ShiftOutOfRange.java:18:15: compiler.warn.possible.loss.of.precision: long, int
ShiftOutOfRange.java:18:15: compiler.warn.bit.shift.out.of.range: int, -1, 31
ShiftOutOfRange.java:19:16: compiler.warn.bit.shift.out.of.range: int, -1, 31
ShiftOutOfRange.java:26:15: compiler.warn.possible.loss.of.precision: long, int
ShiftOutOfRange.java:33:18: compiler.warn.bit.shift.out.of.range: int, 32, 0
ShiftOutOfRange.java:34:18: compiler.warn.bit.shift.out.of.range: int, 32, 0
ShiftOutOfRange.java:35:19: compiler.warn.bit.shift.out.of.range: int, 32, 0
ShiftOutOfRange.java:36:15: compiler.warn.bit.shift.out.of.range: int, 32, 0
ShiftOutOfRange.java:37:15: compiler.warn.possible.loss.of.precision: long, int
ShiftOutOfRange.java:37:15: compiler.warn.bit.shift.out.of.range: int, 32, 0
ShiftOutOfRange.java:38:16: compiler.warn.bit.shift.out.of.range: int, 32, 0
ShiftOutOfRange.java:45:18: compiler.warn.bit.shift.out.of.range: long, -1, 63
ShiftOutOfRange.java:46:18: compiler.warn.bit.shift.out.of.range: long, 65535, 63
ShiftOutOfRange.java:47:19: compiler.warn.bit.shift.out.of.range: long, -1, 63
ShiftOutOfRange.java:48:15: compiler.warn.bit.shift.out.of.range: long, -1, 63
ShiftOutOfRange.java:49:15: compiler.warn.bit.shift.out.of.range: long, -1, 63
ShiftOutOfRange.java:50:16: compiler.warn.bit.shift.out.of.range: long, -1, 63
ShiftOutOfRange.java:64:18: compiler.warn.bit.shift.out.of.range: long, 64, 0
ShiftOutOfRange.java:65:18: compiler.warn.bit.shift.out.of.range: long, 64, 0
ShiftOutOfRange.java:66:19: compiler.warn.bit.shift.out.of.range: long, 64, 0
ShiftOutOfRange.java:67:15: compiler.warn.bit.shift.out.of.range: long, 64, 0
ShiftOutOfRange.java:68:15: compiler.warn.bit.shift.out.of.range: long, 64, 0
ShiftOutOfRange.java:69:16: compiler.warn.bit.shift.out.of.range: long, 64, 0
27 warnings
