MethodAmbiguityCrash2.java:23:18: compiler.err.cant.ref.before.ctor.called: op()
1 error
