BadTwr.java:11:46: compiler.err.already.defined: kindname.variable, r1, kindname.method, meth(java.lang.String...)
BadTwr.java:16:20: compiler.err.already.defined: kindname.variable, args, kindname.method, meth(java.lang.String...)
BadTwr.java:19:13: compiler.err.cant.assign.val.to.var: final, thatsIt
BadTwr.java:24:24: compiler.err.already.defined: kindname.variable, name, kindname.method, meth(java.lang.String...)
4 errors
