TwrFlow.java:13:11: compiler.err.except.never.thrown.in.try: java.io.IOException
TwrFlow.java:11:21: compiler.err.unreported.exception.implicit.close: CustomCloseException, twrFlow
2 errors
