P.java:10:18: compiler.warn.has.been.deprecated: foo(), Q
Q.java:7:10: compiler.warn.has.been.deprecated: bar(), Q2
Q.java:17:25: compiler.warn.has.been.deprecated: foo(), Q
3 warnings
