WerrorLint.java:20:19: compiler.warn.strictfp
- compiler.err.warnings.and.werror
1 error
1 warning
