ExplicitlyFinalEnum2.java:8:7: compiler.err.mod.not.allowed.here: final
1 error
