FauxEnum3.java:9:14: compiler.err.enum.types.not.extensible
1 error
